[www.testcard.com/index.html]
[backblue.gif]
[fade.gif]
[index.html]
[framerusercontent.com/images/Z8gGzPyiqV9ZQRb7Zz8Ch6KTVpQ.png]
[framerusercontent.com/sites/6FeOyrQqMynUg0qvI3WILZ/chunk-5MRFIFFE.mjs]
[framerusercontent.com/sites/6FeOyrQqMynUg0qvI3WILZ/chunk-OIST4OYN.mjs]
[framerusercontent.com/sites/6FeOyrQqMynUg0qvI3WILZ/rYQhfaV9-qvIgZaRZFsDQL6SXONyFpW6ov-FWUXvlFA.UQRJVJRC.mjs]
[framerusercontent.com/sites/6FeOyrQqMynUg0qvI3WILZ/chunk-4J36BXLV.mjs]
[framerusercontent.com/sites/6FeOyrQqMynUg0qvI3WILZ/chunk-OKF4RETR.mjs]
[framerusercontent.com/sites/6FeOyrQqMynUg0qvI3WILZ/chunk-TOV45LLJ.mjs]
[framerusercontent.com/sites/6FeOyrQqMynUg0qvI3WILZ/chunk-WPCPCO3F.mjs]
[framerusercontent.com/sites/6FeOyrQqMynUg0qvI3WILZ/chunk-VO66NGHP.mjs]
[framerusercontent.com/sites/6FeOyrQqMynUg0qvI3WILZ/chunk-N5LBMMBX.mjs]
[framerusercontent.com/sites/6FeOyrQqMynUg0qvI3WILZ/chunk-IPTCH2VE.mjs]
[framerusercontent.com/sites/6FeOyrQqMynUg0qvI3WILZ/chunk-NBNII6XC.mjs]
[framerusercontent.com/sites/6FeOyrQqMynUg0qvI3WILZ/chunk-KEH6TYWF.mjs]
[framerusercontent.com/sites/6FeOyrQqMynUg0qvI3WILZ/chunk-2IYC4B22.mjs]
[framerusercontent.com/sites/6FeOyrQqMynUg0qvI3WILZ/chunk-V5NTEHE4.mjs]
[framerusercontent.com/sites/6FeOyrQqMynUg0qvI3WILZ/chunk-IQU6LE25.mjs]
[framerusercontent.com/sites/6FeOyrQqMynUg0qvI3WILZ/chunk-OFPFQXSF.mjs]
[framerusercontent.com/sites/6FeOyrQqMynUg0qvI3WILZ/chunk-CP5JBVHS.mjs]
[framerusercontent.com/sites/6FeOyrQqMynUg0qvI3WILZ/chunk-AM2KDQMB.mjs]
[framerusercontent.com/sites/6FeOyrQqMynUg0qvI3WILZ/chunk-HK3HD6YV.mjs]
[framerusercontent.com/sites/6FeOyrQqMynUg0qvI3WILZ/chunk-63IIHAH2.mjs]
[framerusercontent.com/sites/6FeOyrQqMynUg0qvI3WILZ/chunk-JAFJLMG4.mjs]
[framerusercontent.com/sites/6FeOyrQqMynUg0qvI3WILZ/chunk-APMCS2OP.mjs]
[framerusercontent.com/sites/6FeOyrQqMynUg0qvI3WILZ/chunk-F3WQQQQK.mjs]
[framerusercontent.com/sites/6FeOyrQqMynUg0qvI3WILZ/chunk-7UOKZZJU.mjs]
[framerusercontent.com/sites/6FeOyrQqMynUg0qvI3WILZ/chunk-C6CYBFIM.mjs]
[framerusercontent.com/sites/6FeOyrQqMynUg0qvI3WILZ/chunk-PJGYSX45.mjs]
[framerusercontent.com/sites/6FeOyrQqMynUg0qvI3WILZ/chunk-JLQUJGFI.mjs]
[framerusercontent.com/sites/6FeOyrQqMynUg0qvI3WILZ/chunk-42U43NKG.mjs]
[www.testcard.com/where-to-buy.html]
[www.testcard.com/clearscreen.html]
[www.testcard.com/at-home-testing.html]
[www.testcard.com/pharmacies.html]
[www.testcard.com/about.html]
[www.testcard.com/support.html]
[www.testcard.com/blog.html]
[framerusercontent.com/images/LIULUkseAD1V2tM0bdEunsOOT0.webp]
[framerusercontent.com/images/ZxRErnsyqJTfd9vZ9Yr7TY5gZ8.webp]
[framerusercontent.com/images/WPq9p8KcrxCuYJ3Sdzhjno61g.webp]
[framerusercontent.com/images/WwuUPXWQN44mWLled1NicT9AkjUbf23.webp]
[framerusercontent.com/images/92I9NJDBoDgysBqvcn5WJXimZ5U.webp]
[framerusercontent.com/images/ZjJRDUVuZw7qAj8DG0wXJjhN70.webp]
[framerusercontent.com/images/1LdRfNs0D5inukRNGLvQ8XDlL80.webp]
[framerusercontent.com/images/FaZSCJboNwOvgQKc0RcRXm5pxQ.webp]
[framerusercontent.com/images/lQKyTTucYcDfLzgd5NOglezBdU.webp]
[framerusercontent.com/images/oULUuKS05VhA3rLQqPVK9uCfDME.webp]
[framerusercontent.com/images/AvvDMwV4R3OQPdqJOZvkxZ1d0.webp]
[framerusercontent.com/images/imvi89MEJvuSEDK24FqrJn43E6g.webp]
[framerusercontent.com/images/0DVFIWOyn4jFAZS3LhzZoOtzzQ.webp]
[framerusercontent.com/images/l3oty44WbG2lI64LuzcEgsb3X4.webp]
[framerusercontent.com/images/yuZhkZ0mQTGij6c5UMoolawQ.webp]
[www.testcard.com/terms-and-conditions.html]
[www.testcard.com/privacy-policy.html]
[www.testcard.com/cookie-policy.html]
[www.testcard.com/index.html]
[www.testcard.com/net-zero-commitment.html]
[fonts.gstatic.com/index.html]
[framerusercontent.com/sites/6FeOyrQqMynUg0qvI3WILZ/-sN8AYzIyi9TShyatZFE2gT6Ay2JcJkDicq7Y8o5OrI.GD5DMPFD.mjs]
[framerusercontent.com/sites/6FeOyrQqMynUg0qvI3WILZ/chunk-JPO7QEDX.mjs]
[framerusercontent.com/sites/6FeOyrQqMynUg0qvI3WILZ/chunk-LBEKZ472.mjs]
[framerusercontent.com/sites/6FeOyrQqMynUg0qvI3WILZ/chunk-IXIE3G3B.mjs]
[framerusercontent.com/sites/6FeOyrQqMynUg0qvI3WILZ/chunk-JGB5P66H.mjs]
[framerusercontent.com/sites/6FeOyrQqMynUg0qvI3WILZ/chunk-DCE4VNG3.mjs]
[framerusercontent.com/sites/6FeOyrQqMynUg0qvI3WILZ/chunk-5RAJ3NZN.mjs]
[www.testcard.com/[object Object].45.delayed]
[framerusercontent.com/images/Zm1YJ11aVB8dtRBQIVdzbpsko.png]
[framerusercontent.com/images/3uEchOhksKXtPSRioXREFrkwsPI.webp]
[framerusercontent.com/images/PVk6RAORYH8gFUQoiIPLO6ED4F0.webp]
[www.testcard.com/where-to-buy.html]
[framerusercontent.com/sites/6FeOyrQqMynUg0qvI3WILZ/EgDcLWMg6myzZ-6YWhzCs4vmQZL1qIeetU4vY2LwrEY.IXSWIVNZ.mjs]
[framerusercontent.com/sites/6FeOyrQqMynUg0qvI3WILZ/chunk-X5ZRSQZJ.mjs]
[framerusercontent.com/sites/6FeOyrQqMynUg0qvI3WILZ/chunk-DWGGDZZO.mjs]
[framerusercontent.com/sites/6FeOyrQqMynUg0qvI3WILZ/chunk-TSSB44FP.mjs]
[framerusercontent.com/sites/6FeOyrQqMynUg0qvI3WILZ/chunk-25LXOM6E.mjs]
[framerusercontent.com/sites/6FeOyrQqMynUg0qvI3WILZ/chunk-FNDA3OZJ.mjs]
[framerusercontent.com/sites/6FeOyrQqMynUg0qvI3WILZ/chunk-CACHUG7N.mjs]
[framerusercontent.com/images/nR7CjlUQgqFOr6SjKxXvjscg.png]
[framerusercontent.com/images/pGRF6472NpUjXJJPXKOrk7lWSE4.png]
[framerusercontent.com/images/ZkKb0OYh7IWZnl5ckdmWRHxD6g.png]
[framerusercontent.com/images/2h8U7291u6CLk8bIQLn2K1k1j3M.png]
[framerusercontent.com/images/da0orKLbkvQbemsWmNbAbKa8Nw.webp]
[framerusercontent.com/images/YnZc9mEAaKQfISDCKfDBncPIzk.png]
[framerusercontent.com/images/2FaiRmUbXVzrKHN9jOjhEFWUG4.webp]
[framerusercontent.com/images/nB2tzISrvbHo0B3E08UfgXYegTQ.png]
[framerusercontent.com/images/pW9RsPAhSTgyAwEhcdtBO2jTbWw.jpg]
[framerusercontent.com/images/z56gZYovPaBZCaMJs4T1VEI9F4.jpg]
[framerusercontent.com/images/iIpsysyiCGWh62vHDQhKMMQQKM.webp]
[framerusercontent.com/images/lq0MuRKrHcvSeqWX7kIKAxwGI.jpg]
[framerusercontent.com/images/vthx6omVxSaAaHqUs2di283rJg.png]
[framerusercontent.com/images/98vbr1du4v1NrSGLogHe8HqwN1Y.jpg]
[framerusercontent.com/images/0x6rI2FKcaWrqzJh3iSvcXPLX74.webp]
[framerusercontent.com/images/BqgYXQNRkt2KEKxJ1EGDINmiMV0.webp]
[www.testcard.com/clearscreen.html]
[framerusercontent.com/sites/6FeOyrQqMynUg0qvI3WILZ/4cWMdGRvhsbs0CM8JGkTBHoeW6JRv_VYdtm5-Wg8uzc.UJETIEGC.mjs]
[framerusercontent.com/sites/6FeOyrQqMynUg0qvI3WILZ/chunk-ROOL3LIH.mjs]
[framerusercontent.com/sites/6FeOyrQqMynUg0qvI3WILZ/chunk-NIW2PFUH.mjs]
[framerusercontent.com/images/s5kPQJWemvRzMnynwgwC9pr70.png]
[framerusercontent.com/images/dgR3PC5TR5R9cfxWaUC0k4JZHg.webp]
[www.testcard.com/supported-devices.html]
[framerusercontent.com/images/mxHl1Z6g2tNqjnPMwDJjvP2VvVY.webp]
[framerusercontent.com/images/KI8BHXIPxYli10lGccBAutGzs.webp]
[framerusercontent.com/images/V3Kg0pAs9UY0BQW3jrDtqJjP5Fs.png]
[www.testcard.com/at-home-testing.html]
[framerusercontent.com/sites/6FeOyrQqMynUg0qvI3WILZ/X48VWtnpr6cEVppV_0F0A7D1Z4dc1hRMAi9OmrH9wHA.KXRNDCSQ.mjs]
[framerusercontent.com/sites/6FeOyrQqMynUg0qvI3WILZ/chunk-A6JD34JN.mjs]
[framerusercontent.com/sites/6FeOyrQqMynUg0qvI3WILZ/chunk-T6BI7GXV.mjs]
[framerusercontent.com/sites/6FeOyrQqMynUg0qvI3WILZ/chunk-LQCCXMB5.mjs]
[framerusercontent.com/sites/6FeOyrQqMynUg0qvI3WILZ/chunk-NWBHLYBT.mjs]
[framerusercontent.com/images/xrHh4Y5FAL5X5VRczUIRWQrtrEA.png]
[framerusercontent.com/images/VthWDMBIDdpDJ4VRiAZdAMUY8BE.webp]
[framerusercontent.com/images/xdwEMFdzrg3dRpwk7CAQL9fgH7Ibf23.png]
[framerusercontent.com/images/IAbp3Kkiav0z0mxXTNEKiyWhKw17f5.png]
[framerusercontent.com/images/hjuabMFyARxrq4HXTAplbfq0E.png]
[framerusercontent.com/images/uXWNd346CqUu5vKAfEQM8Rpok17f5.png]
[framerusercontent.com/images/uFaiYo4bXg7sSYqj0lfYZnxSw.png]
[framerusercontent.com/images/UlQqgFlGuaho5w6vt4g8ZSFPE.png]
[framerusercontent.com/images/7mstPWBzHHCDGFM8F3SiCWo4nU.webp]
[www.testcard.com/pharmacies.html]
[framerusercontent.com/sites/6FeOyrQqMynUg0qvI3WILZ/iFqVT2d-SCZIVlPKZE8Hp7EeOpBbFgq6Skz0pr0uAZo.CN75YHOJ.mjs]
[framerusercontent.com/sites/6FeOyrQqMynUg0qvI3WILZ/chunk-VMNKKRMI.mjs]
[framerusercontent.com/images/iI6hIMl8zqY1Z2DbMnWgiH3n0.png]
[framerusercontent.com/images/aiVg7zQQspkyA21Wy2HabGLbNjM.png]
[framerusercontent.com/images/ENMSCLKvwv7ayVeqr9jWSxtQrjQ.webp]
[framerusercontent.com/images/CDTPzueqf4FmYREwv6SyQvJcEU.png]
[www.testcard.com/blog/how-testcard-technology-gives-clinical-grade-results.html]
[framerusercontent.com/images/A9sDRhbjITEbwYwSRIom4sYRfY.webp]
[framerusercontent.com/images/vBPxasYIhckOvn14BlK0tK8f7iw.png]
[framerusercontent.com/images/J2hExm3Vcf723vP5uT1IxqQ80Mg.png]
[framerusercontent.com/images/ynVUWl5hSBiBCHHDPykQ7tFWi5M.png]
[framerusercontent.com/images/2tW08LhORCAWfSapE0OO093IAsY.png]
[framerusercontent.com/images/L6NVBnRg82UkQ51xqhbl5IZ2P0.png]
[framerusercontent.com/images/yvP6olvq6VkdOaqMyngsllCd4g.png]
[framerusercontent.com/images/2E55ad6pbbKwNzSm3G1CunsQo.webp]
[framerusercontent.com/images/CtNcOfi2vZFPhjt95u4sc5oTaI.webp]
[framerusercontent.com/images/KIW8fO5zWW8vEYwud2DEKYTs2E0.webp]
[framerusercontent.com/images/f6ng2NQvtvNbF23ffGRG5NE3CIw.webp]
[framerusercontent.com/images/XvCnCU44R3JdWuv9RM27iEYErE8.webp]
[framerusercontent.com/images/LQDAgsWOLb7i6FClsF7OYneHc.webp]
[framerusercontent.com/images/5EO4iTzAVo9Yr9K8IV6vqKYh0.webp]
[framerusercontent.com/images/3E5VemuMeTVeWWTSeNfBOGdCY.webp]
[framerusercontent.com/images/Oc7lYNCL0u69VjLLPMfLWFggvY.webp]
[framerusercontent.com/images/00wWwcxmcHDfh7xnA9LHJXGI.webp]
[www.testcard.com/about.html]
[framerusercontent.com/sites/6FeOyrQqMynUg0qvI3WILZ/pPTLJR0UjWPHSHk--qae9HcGjjNw6TuIwew-vxryuB0.UEVXO6A5.mjs]
[framerusercontent.com/sites/6FeOyrQqMynUg0qvI3WILZ/chunk-LHF3N5UE.mjs]
[framerusercontent.com/images/1ThEGuUIfvX8jZIF2POyHa0vsIg.jpg]
[www.testcard.com/support.html]
[framerusercontent.com/sites/6FeOyrQqMynUg0qvI3WILZ/EeCtdfmulcVc1d1gKU-1Q2_ulvVseXQ07L0T-byv1Rc.H7S4QNE3.mjs]
[framerusercontent.com/sites/6FeOyrQqMynUg0qvI3WILZ/chunk-KU6HJZT7.mjs]
[framerusercontent.com/sites/6FeOyrQqMynUg0qvI3WILZ/chunk-TLB6MBQF.mjs]
[framerusercontent.com/sites/6FeOyrQqMynUg0qvI3WILZ/chunk-4CQVWJKN.mjs]
[framerusercontent.com/sites/6FeOyrQqMynUg0qvI3WILZ/chunk-D64POZO5.mjs]
[framerusercontent.com/images/b5mWUCQYZwomW1t2ujkEAnRE34.png]
[www.testcard.com/blog/support-a-partner-with-uti.html]
[framerusercontent.com/images/Uvb3SFFk8lL10HhXTnnSWAjfSdQ.jpg]
[www.testcard.com/blog/world-diabetes-day.html]
[framerusercontent.com/images/B0JMiJfIFyOYtzHdRyY48qEwIc.jpg]
[www.testcard.com/blog/womens-health-strategy.html]
[framerusercontent.com/images/mCUmLs6C1KsBvY2M161wFZuNY.jpg]
[www.testcard.com/blog/urology-awareness-month.html]
[framerusercontent.com/images/wleHBVVb55cEtNz1ua98x0xHU.jpg]
[www.testcard.com/blog/catheterisation-and-ut-is.html]
[framerusercontent.com/images/EpepJAMPZfW6aNc4tFSdx7VgQhI.jpg]
[www.testcard.com/blog/is-testcard-right-for-me.html]
[framerusercontent.com/images/V8n43UGng2M6Uf9Dey4SqhD6dQ.jpg]
[www.testcard.com/blog/here-comes-the-science-bit.html]
[framerusercontent.com/images/G4uNOgKLZLxWEi2oOZTTjkwRs.jpg]
[framerusercontent.com/images/iWcRaljvJFAxoymtnMAHQLBLn4.jpg]
[www.testcard.com/blog/do-your-sex-positions-cause-uti.html]
[www.testcard.com/blog/health-kick-mocktail.html]
[framerusercontent.com/images/fo3VCwnloVwh03Z2ywgT4A2pIk.jpg]
[www.testcard.com/blog/can-men-get-utis-too.html]
[framerusercontent.com/images/bc4E7rwiZ3zH2XuxfaGxynWP0.jpg]
[www.testcard.com/blog/urinary-tract-infection-101.html]
[framerusercontent.com/images/P0ZgGhK9GLermCi5lL3ZwV5DafY.jpg]
[www.testcard.com/blog/world-mental-health-day.html]
[www.testcard.com/blog/cystitis-test-symptoms-and-treatment.html]
[framerusercontent.com/images/Y53rrMSmaml7CQXIOXGHbOvh7E0.jpg]
[www.testcard.com/blog/changing-the-face-of-healthcare-testing.html]
[framerusercontent.com/images/dei1XtTIFARUHaKMbrPkwFULHg.jpg]
[www.testcard.com/blog/uti-infections-during-menopause.html]
[framerusercontent.com/images/WxZnysYzz6oupUiq63Un1K9Qs.jpg]
[www.testcard.com/blog/tips-for-carers-understanding-symptoms.html]
[framerusercontent.com/images/JaIe9aCA5lt8Y1fyq8FJs7VS0cg.jpg]
[www.testcard.com/blog/cystitis-what-is-it-and-how-do-i-get-help.html]
[framerusercontent.com/images/4P27w17x1VNpV1Suh1gxTyCY0zc.jpg]
[www.testcard.com/blog/utisandpregnancy.html]
[framerusercontent.com/images/9v8nv236nwgAfxMB5TOLPhbLK0.jpg]
[www.testcard.com/blog/confusion-around-utis-sees-women-mistaking-symptoms.html]
[framerusercontent.com/images/cCehqK3PfDpQDkrR5psBo7dAE.jpg]
[www.testcard.com/blog/top-new-health-trends-for-2021.html]
[framerusercontent.com/images/17xWqPAVMGvfj4OEI47b66ghfs.jpg]
[framerusercontent.com/images/T6CWbX0JOY9qafKh2fabliKQvI.jpg]
[www.testcard.com/blog/nutrition-and-hydration-week.html]
[www.testcard.com/blog/common-myths-about-utis-that-may-be-damaging-your-health.html]
[www.testcard.com/blog/world-continence-week.html]
[framerusercontent.com/images/mjtL4xjllyQSdgvfYRPzQMXOs4.jpg]
[www.testcard.com/blog/why-do-i-keep-getting-urinary-tract-infections.html]
[framerusercontent.com/images/oOcSKB1cbu3fHxF6cvsPIWJug.jpg]
[www.testcard.com/blog/does-drinking-cranberry-juice-help-prevent-uti.html]
[framerusercontent.com/images/xTLDorQ2AtrEFUJaYqevo1KKtHQ.jpg]
[www.testcard.com/blog/are-antibiotics-safe-for-uti-pregnancy.html]
[framerusercontent.com/images/nfQuCU96gzMTDg8Sa1rqEnDD4Jc.jpg]
[www.testcard.com/blog/how-to-prevent-uti-after-menopause.html]
[framerusercontent.com/images/9Yp6MK4KU64t3qiEMDSadf5Bc.jpg]
[www.testcard.com/blog/how-do-doctors-test-for-uti.html]
[framerusercontent.com/images/JETyhefzDajZFu1ntJovwgxjlA.jpg]
[www.testcard.com/blog/learn-how-to-test-detect-a-uti-the-at-home-test-kit.html]
[framerusercontent.com/images/z9KHFwrJzzvCXY0v6zYmZZBK2RI.jpg]
[www.testcard.com/blog.html]
[www.testcard.com/blog/learn-how-to-test-detect-a-uti-gps-vs-at-home-testing.html]
[framerusercontent.com/sites/6FeOyrQqMynUg0qvI3WILZ/Vjmb8JtlSnb0TgfAb9vo4uP2vHap_uMF2BwQNc9-k9w.BXM5HOQN.mjs]
[framerusercontent.com/sites/6FeOyrQqMynUg0qvI3WILZ/chunk-2RV2LRZD.mjs]
[framerusercontent.com/sites/6FeOyrQqMynUg0qvI3WILZ/chunk-U6TC4XTV.mjs]
[www.testcard.com/terms-and-conditions.html]
[framerusercontent.com/sites/6FeOyrQqMynUg0qvI3WILZ/BtFZeOUxqT_3yZzgnxMdus751l8E8obs9-_VoHO-m3s.AN3HFENM.mjs]
[framerusercontent.com/sites/6FeOyrQqMynUg0qvI3WILZ/chunk-QYSJKFSX.mjs]
[www.testcard.com/privacy-policy.html]
[framerusercontent.com/sites/6FeOyrQqMynUg0qvI3WILZ/1mDQyx4QbIWCwbUfvCQWth1bx0ExYtCCVw3u2bo7f20.C2NKFKBQ.mjs]
[framerusercontent.com/sites/6FeOyrQqMynUg0qvI3WILZ/chunk-S5MWKXBM.mjs]
[www.testcard.com/cookie-policy.html]
[framerusercontent.com/sites/6FeOyrQqMynUg0qvI3WILZ/nZD2_0gDzjzT1JOlvwqJOp3fE6rX0IC5e2pJ3Ge90i8.SOM6AUQH.mjs]
[framerusercontent.com/sites/6FeOyrQqMynUg0qvI3WILZ/chunk-NOYFENVX.mjs]
[www.testcard.com/net-zero-commitment.html]
[www.testcard.com/[object Object].html]
[framerusercontent.com/sites/6FeOyrQqMynUg0qvI3WILZ/ToeeCNTAKRXGrF_vJjgRTwi1U_zM3dO1EBl8vpi5ujk.O4BDNBMM.mjs]
[framerusercontent.com/sites/6FeOyrQqMynUg0qvI3WILZ/chunk-7NQXYITM.mjs]
[framerusercontent.com/images/zg9EaMlwY38gtvGCoBiuTzyhfA.png]
[framerusercontent.com/images/e9nTGY806aOPAgErw32kWcnFs.png]
[framerusercontent.com/images/mKzjvdnXpJ1c38ENNL9XbDayY.png]
[framerusercontent.com/images/CFOOCxYpZm6ExEUUz6GpVUw.webp]
[www.testcard.com/supported-devices.html]
[framerusercontent.com/sites/6FeOyrQqMynUg0qvI3WILZ/VrC7ju7gxNQ4SBtDO9L3bgGoramfH1EUTrzj9IfmGI4.3WMHMZZV.mjs]
[framerusercontent.com/sites/6FeOyrQqMynUg0qvI3WILZ/chunk-SCATJ6JR.mjs]
[framerusercontent.com/images/LAZ6H5aXj6b5iZ6wsntOIgEsLvQ.jpg]
[www.testcard.com/blog/how-testcard-technology-gives-clinical-grade-results.html]
[www.testcard.com/blog-filters/symptoms-and-risks.html]
[www.testcard.com/blog/support-a-partner-with-uti.html]
[www.testcard.com/blog-filters/diabetes.html]
[www.testcard.com/blog/world-diabetes-day.html]
[www.testcard.com/blog/womens-health-strategy.html]
[www.testcard.com/blog/urology-awareness-month.html]
[www.testcard.com/blog/catheterisation-and-ut-is.html]
[www.testcard.com/blog/is-testcard-right-for-me.html]
[www.testcard.com/blog-filters/_cz7flEfsV.html]
[framerusercontent.com/images/2MFsvqXnweWKf1OMcQ2Lmn8dRE.png]
[framerusercontent.com/images/g8XqeVrtRc9F4cdLhRUvzxR6uSg.png]
[www.testcard.com/blog/here-comes-the-science-bit.html]
[framerusercontent.com/images/UFmaPzw5WdjkmV4e6Y7M9YDy3s.jpg]
[www.testcard.com/blog/do-your-sex-positions-cause-uti.html]
[www.testcard.com/blog/health-kick-mocktail.html]
[www.testcard.com/blog/can-men-get-utis-too.html]
[framerusercontent.com/images/OKEhbX7j8qnTwpvz30KGPDocOSs.png]
[framerusercontent.com/images/qh8gCQRf6V26VkcqJCm1eR5gc.png]
[framerusercontent.com/images/eSpeyiFwzbyiIpFVldj4bHr4ig4.png]
[framerusercontent.com/images/gJsHsQ8xBvfEVX46uVRBkoBzY.png]
[framerusercontent.com/images/q4XeyGAJ9thSR693YsIK3vl4r7Q.png]
[framerusercontent.com/images/3PYMFsgRWVm5bNrtRscNwmH1c.png]
[framerusercontent.com/images/E5gELwPRjWPlC1KPv9dF7ehoLpk.png]
[framerusercontent.com/images/Nwriz2skNEKkZu5vXqpGGCKfpY.png]
[www.testcard.com/blog/urinary-tract-infection-101.html]
[www.mind.org.uk/media-a/6283/calendar_a4.pdf]
[www.testcard.com/blog/world-mental-health-day.html]
[www.testcard.com/blog/cystitis-test-symptoms-and-treatment.html]
[www.testcard.com/blog/changing-the-face-of-healthcare-testing.html]
[www.testcard.com/blog-filters/health-tech.html]
[www.testcard.com/blog/uti-infections-during-menopause.html]
[www.testcard.com/blog/tips-for-carers-understanding-symptoms.html]
[www.testcard.com/blog/cystitis-what-is-it-and-how-do-i-get-help.html]
[www.testcard.com/blog/utisandpregnancy.html]
[www.testcard.com/blog/confusion-around-utis-sees-women-mistaking-symptoms.html]
[www.testcard.com/blog/top-new-health-trends-for-2021.html]
[www.testcard.com/blog/common-myths-about-utis-that-may-be-damaging-your-health.html]
[www.testcard.com/blog-filters/menopause.html]
[www.total-wellness.co.uk/wp-content/uploads/Alkalising-Food-Chart.108.delayed]
[www.testcard.com/blog/nutrition-and-hydration-week.html]
[www.theurologyfoundation.org/images/World_Continence_Week/WCW19_Incontinence_the_causes_download.10b.delayed]
[www.ruh.nhs.uk/patients/Urology/documents/patient_leaflets/UR0043_Overactive_Bladder_Syndrome.pdf]
[www.testcard.com/blog/world-continence-week.html]
[www.testcard.com/blog/why-do-i-keep-getting-urinary-tract-infections.html]
[www.testcard.com/blog/does-drinking-cranberry-juice-help-prevent-uti.html]
[www.testcard.com/blog/are-antibiotics-safe-for-uti-pregnancy.html]
[www.testcard.com/blog/how-to-prevent-uti-after-menopause.html]
[www.testcard.com/blog/how-do-doctors-test-for-uti.html]
[framerusercontent.com/images/5mm1cJfvOsfRwqztye1swYLTX6s.jpg]
[framerusercontent.com/images/we9jpJtToLMxHwjeEC7tbmzHds.jpg]
[framerusercontent.com/images/Kl82UG0gxUnmmmgIfor8VSdsGAE.png]
[www.testcard.com/blog/learn-how-to-test-detect-a-uti-the-at-home-test-kit.html]
[www.testcard.com/blog/learn-how-to-test-detect-a-uti-gps-vs-at-home-testing.html]
[framerusercontent.com/sites/6FeOyrQqMynUg0qvI3WILZ/FaCNMYSyhHg-M3chBi548H-pfOTbBWCllQguTJOKUH0.FRMQ3ESN.mjs]
[framerusercontent.com/sites/6FeOyrQqMynUg0qvI3WILZ/chunk-MZOFTCWG.mjs]
[www.testcard.com/blog-filters/symptoms-and-risks.html]
[www.testcard.com/blog-filters/diabetes.html]
[ga.jspm.io/npm_es-module-shims@1.6.3/dist/es-module-shims.js]
[framerusercontent.com/modules/Gia1wUP4pqR2Ow4lY9O1/VHuROl1N9HXETrED5CYk/W9unHulOG.js]
[framerusercontent.com/modules/u2Hu1y9ORYd6KxEiJZx0/LxTNkq1lARgRJOPFI1jC/qMNZjk7PJ.js]
[framerusercontent.com/modules/b6K1oC1uccZPpTstCvMu/A5k7bC630NoZDR1N49eD/D_oMfni3U.js]
[framerusercontent.com/modules/OlCmeN4XZZJTWTlPfjGm/24lsClR7gMHDU7lEPdc8/Or2sBBfI_.js]
[framerusercontent.com/modules/ucoZx7m40kQxkdbvPahI/xs4yI6w2UXC9jWgMRn0T/fyxHY82ZH.js]
[framerusercontent.com/modules/epgbwiBwl3tArWHIOZdM/p79gF90WLbWcEen2ZWd5/LjoRI99kP.js]
[framerusercontent.com/modules/jpxTYlg8J7j8zPMbZVpF/e9Fe6hD7WkGFSF8ulX5j/M81GEfmDX.js]
[framerusercontent.com/modules/DEt5THHDu8mZsxXjQgB3/vmE7PK3is9uknFNkqna9/pENU14rIX.js]
[framerusercontent.com/modules/kjmjrlbXlFzY877fS1ck/yX63S0J9YzWjteNI0jcx/sSi9d5mj6.js]
[framerusercontent.com/modules/fHtX6Kqeh4qtGd3ScnV7/4GrfDcMljbkaZ16KmKRL/aGppwdNJt.js]
[framerusercontent.com/modules/Knk5JIIexJavyUQUuC7v/F9Phfob1Y5DlATjfA4Rd/Ho_WoE6nO.js]
[framerusercontent.com/modules/V2DRFsQiVxRwCjLNx8uN/Md5ruDNRHzk9sH2GRGBX/fMGAOSjoO.js]
[framerusercontent.com/modules/CVZsmcR8arLwjzdGNLpK/nHFcpyNxOcXoggM8gF8M/YwXLCv8q4.js]
[framerusercontent.com/modules/OVPIKg9SqTKLYD2fRPAF/5sldwpkloGXl3ftz55VY/rAR4SD3aA.js]
[framerusercontent.com/modules/AGt0jAlxnlx75tDtw4Na/XnhIwtiNz8irSx2LaucO/owro08sGw.js]
[framerusercontent.com/modules/b8aeeOK8tZBMHJHGUdFX/pqiPZZn74wzWxDQMkLlG/cs6w6lDlb.js]
[framerusercontent.com/modules/E4LNkxrytRtwp0F50RVq/sTg7dG9qTTXMmQWkGNy2/aImOJki8P.js]
[framerusercontent.com/modules/POaFmgybOjAbEIIlrVDm/eRmGoxXdxJT5kRNehCst/TdU3sThp3.js]
[framerusercontent.com/modules/XUi3Sok9Z1wuYPxuQFG3/2QC5eDw9ZrMmK948zB2V/AomqHaOxD.js]
[framerusercontent.com/modules/m1ZD9HQdXdpO2wlCWpnm/cXLHbhMQraGbmPelOQtU/KBlFSas6i.js]
[framerusercontent.com/modules/9zRwI9mwTWu6RWDulFVr/Rd8Q7c8QKO7fmko3vfcp/asxNLoHzW.js]
[framerusercontent.com/modules/TasCLN67Tz5cgDoHLZyH/G2e10Jv6JvLyxqojlQve/wPmQ_yRaQ.js]
[www.testcard.com/blog-filters/_cz7flEfsV.html]
[www.testcard.com/blog-filters/health-tech.html]
[www.testcard.com/blog-filters/menopause.html]
[framerusercontent.com/modules/lWBoG4MHb8YIB0GThFGe/SPekZ4IgzX59Yw95yf13/vndjQ0vUm.js]
[framerusercontent.com/images/Ne9jWcSrahdHV4sYujjzoTx6H9s.svg]
[framerusercontent.com/images/LIULUkseAD1V2tM0bdEunsOOT0.webp]
[framerusercontent.com/images/ZxRErnsyqJTfd9vZ9Yr7TY5gZ8.webp]
[framerusercontent.com/sites/6FeOyrQqMynUg0qvI3WILZ/chunk-5MRFIFFE.mjs]
[framerusercontent.com/images/aFQ2YTb1rSicRWLNVqKZqSS1NI.svg]
[framerusercontent.com/images/y4G457xTmka9VWkwx9bWQjFJy4.svg]
[framerusercontent.com/images/WPq9p8KcrxCuYJ3Sdzhjno61g.webp]
[framerusercontent.com/images/WwuUPXWQN44mWLled1NicT9AkjUbf23.webp]
[framerusercontent.com/images/92I9NJDBoDgysBqvcn5WJXimZ5U.webp]
[framerusercontent.com/images/6tTbkXggWgQCAJ4DO2QEdXXmgM.svg]
[framerusercontent.com/images/imvi89MEJvuSEDK24FqrJn43E6g.webp]
[framerusercontent.com/images/0DVFIWOyn4jFAZS3LhzZoOtzzQ.webp]
[framerusercontent.com/images/l3oty44WbG2lI64LuzcEgsb3X4.webp]
[framerusercontent.com/images/11KSGbIZoRSg4pjdnUoif6MKHI.svg]
[framerusercontent.com/images/8ApcDy4CcNkxGTtYcORp6l9h4a4.svg]
[framerusercontent.com/images/yuZhkZ0mQTGij6c5UMoolawQ.webp]
[framerusercontent.com/sites/6FeOyrQqMynUg0qvI3WILZ/-sN8AYzIyi9TShyatZFE2gT6Ay2JcJkDicq7Y8o5OrI.GD5DMPFD.mjs]
[framerusercontent.com/images/vvvEX0xlWBWzlG5xOlbhotpAOM.svg]
[framerusercontent.com/sites/6FeOyrQqMynUg0qvI3WILZ/chunk-JPO7QEDX.mjs]
[framerusercontent.com/images/Zm1YJ11aVB8dtRBQIVdzbpsko.png]
[framerusercontent.com/sites/6FeOyrQqMynUg0qvI3WILZ/chunk-IXIE3G3B.mjs]
[www.testcard.com/[object Object].html]
[framerusercontent.com/images/3uEchOhksKXtPSRioXREFrkwsPI.webp]
[framerusercontent.com/images/On8DU55cPyvkHGnYqLQvz34RmY.svg]
[framerusercontent.com/images/PVk6RAORYH8gFUQoiIPLO6ED4F0.webp]
[framerusercontent.com/images/Ovm1cu0557aFoJc9FkcwRUIW8.svg]
[framerusercontent.com/sites/6FeOyrQqMynUg0qvI3WILZ/EgDcLWMg6myzZ-6YWhzCs4vmQZL1qIeetU4vY2LwrEY.IXSWIVNZ.mjs]
[framerusercontent.com/sites/6FeOyrQqMynUg0qvI3WILZ/chunk-X5ZRSQZJ.mjs]
[framerusercontent.com/images/6YhrXhCQZaPJClC872D5w8UPV3I.svg]
[framerusercontent.com/sites/6FeOyrQqMynUg0qvI3WILZ/chunk-DWGGDZZO.mjs]
[framerusercontent.com/images/pGRF6472NpUjXJJPXKOrk7lWSE4.png]
[framerusercontent.com/sites/6FeOyrQqMynUg0qvI3WILZ/chunk-TSSB44FP.mjs]
[framerusercontent.com/images/KQX6x2GXyrepMtWVnmW7PPZw417f5.svg]
[framerusercontent.com/images/ZkKb0OYh7IWZnl5ckdmWRHxD6g.png]
[framerusercontent.com/images/T7To9c380NHocdyAoLbvgsZGg17f5.svg]
[framerusercontent.com/images/YnZc9mEAaKQfISDCKfDBncPIzk.png]
[framerusercontent.com/images/2FaiRmUbXVzrKHN9jOjhEFWUG4.webp]
[framerusercontent.com/images/dgR3PC5TR5R9cfxWaUC0k4JZHg.webp]
[framerusercontent.com/images/mxHl1Z6g2tNqjnPMwDJjvP2VvVY.webp]
[framerusercontent.com/images/KI8BHXIPxYli10lGccBAutGzs.webp]
[www.testcard.com/supported-devices.html]
[framerusercontent.com/images/V3Kg0pAs9UY0BQW3jrDtqJjP5Fs.png]
[framerusercontent.com/images/UlQqgFlGuaho5w6vt4g8ZSFPE.png]
[framerusercontent.com/images/OM1B5NAwwzaFX280QV9KqzOM.svg]
[framerusercontent.com/images/7mstPWBzHHCDGFM8F3SiCWo4nU.webp]
[framerusercontent.com/images/CDTPzueqf4FmYREwv6SyQvJcEU.png]
[www.testcard.com/blog/how-testcard-technology-gives-clinical-grade-results.html]
[framerusercontent.com/sites/6FeOyrQqMynUg0qvI3WILZ/EeCtdfmulcVc1d1gKU-1Q2_ulvVseXQ07L0T-byv1Rc.H7S4QNE3.mjs]
[framerusercontent.com/images/A9sDRhbjITEbwYwSRIom4sYRfY.webp]
[framerusercontent.com/images/7F8n1mrIhyebf87TCR2iVrv1YkE.svg]
[framerusercontent.com/sites/6FeOyrQqMynUg0qvI3WILZ/chunk-KU6HJZT7.mjs]
[framerusercontent.com/images/b5mWUCQYZwomW1t2ujkEAnRE34.png]
[www.testcard.com/blog/support-a-partner-with-uti.html]
[framerusercontent.com/images/B0JMiJfIFyOYtzHdRyY48qEwIc.jpg]
[framerusercontent.com/images/Uvb3SFFk8lL10HhXTnnSWAjfSdQ.jpg]
[framerusercontent.com/images/uZofmr7moEULVq2AgXaIztOaOw.svg]
[framerusercontent.com/images/mCUmLs6C1KsBvY2M161wFZuNY.jpg]
[framerusercontent.com/images/wleHBVVb55cEtNz1ua98x0xHU.jpg]
[framerusercontent.com/images/EpepJAMPZfW6aNc4tFSdx7VgQhI.jpg]
[www.testcard.com/blog/womens-health-strategy.html]
[framerusercontent.com/images/G4uNOgKLZLxWEi2oOZTTjkwRs.jpg]
[framerusercontent.com/images/V8n43UGng2M6Uf9Dey4SqhD6dQ.jpg]
[framerusercontent.com/images/iWcRaljvJFAxoymtnMAHQLBLn4.jpg]
[framerusercontent.com/images/fo3VCwnloVwh03Z2ywgT4A2pIk.jpg]
[framerusercontent.com/images/bc4E7rwiZ3zH2XuxfaGxynWP0.jpg]
[framerusercontent.com/images/P0ZgGhK9GLermCi5lL3ZwV5DafY.jpg]
[framerusercontent.com/images/Y53rrMSmaml7CQXIOXGHbOvh7E0.jpg]
[framerusercontent.com/images/dei1XtTIFARUHaKMbrPkwFULHg.jpg]
[www.testcard.com/blog/urology-awareness-month.html]
[framerusercontent.com/images/4P27w17x1VNpV1Suh1gxTyCY0zc.jpg]
[framerusercontent.com/images/JaIe9aCA5lt8Y1fyq8FJs7VS0cg.jpg]
[framerusercontent.com/images/WxZnysYzz6oupUiq63Un1K9Qs.jpg]
[framerusercontent.com/images/9v8nv236nwgAfxMB5TOLPhbLK0.jpg]
[framerusercontent.com/images/cCehqK3PfDpQDkrR5psBo7dAE.jpg]
[framerusercontent.com/images/17xWqPAVMGvfj4OEI47b66ghfs.jpg]
[framerusercontent.com/images/T6CWbX0JOY9qafKh2fabliKQvI.jpg]
[framerusercontent.com/images/mjtL4xjllyQSdgvfYRPzQMXOs4.jpg]
[www.testcard.com/blog/catheterisation-and-ut-is.html]
[framerusercontent.com/images/oOcSKB1cbu3fHxF6cvsPIWJug.jpg]
[framerusercontent.com/images/nfQuCU96gzMTDg8Sa1rqEnDD4Jc.jpg]
[framerusercontent.com/images/xTLDorQ2AtrEFUJaYqevo1KKtHQ.jpg]
[framerusercontent.com/images/9Yp6MK4KU64t3qiEMDSadf5Bc.jpg]
[framerusercontent.com/images/z9KHFwrJzzvCXY0v6zYmZZBK2RI.jpg]
[framerusercontent.com/images/JETyhefzDajZFu1ntJovwgxjlA.jpg]
[www.testcard.com/blog/is-testcard-right-for-me.html]
[framerusercontent.com/sites/6FeOyrQqMynUg0qvI3WILZ/Vjmb8JtlSnb0TgfAb9vo4uP2vHap_uMF2BwQNc9-k9w.BXM5HOQN.mjs]
[framerusercontent.com/sites/6FeOyrQqMynUg0qvI3WILZ/BtFZeOUxqT_3yZzgnxMdus751l8E8obs9-_VoHO-m3s.AN3HFENM.mjs]
[www.testcard.com/blog/here-comes-the-science-bit.html]
[framerusercontent.com/sites/6FeOyrQqMynUg0qvI3WILZ/1mDQyx4QbIWCwbUfvCQWth1bx0ExYtCCVw3u2bo7f20.C2NKFKBQ.mjs]
[www.testcard.com/blog/do-your-sex-positions-cause-uti.html]
[framerusercontent.com/sites/6FeOyrQqMynUg0qvI3WILZ/nZD2_0gDzjzT1JOlvwqJOp3fE6rX0IC5e2pJ3Ge90i8.SOM6AUQH.mjs]
[framerusercontent.com/sites/6FeOyrQqMynUg0qvI3WILZ/ToeeCNTAKRXGrF_vJjgRTwi1U_zM3dO1EBl8vpi5ujk.O4BDNBMM.mjs]
[www.testcard.com/blog/health-kick-mocktail.html]
[framerusercontent.com/images/zg9EaMlwY38gtvGCoBiuTzyhfA.png]
[www.testcard.com/blog/can-men-get-utis-too.html]
[framerusercontent.com/images/e9nTGY806aOPAgErw32kWcnFs.png]
[framerusercontent.com/images/mKzjvdnXpJ1c38ENNL9XbDayY.png]
[framerusercontent.com/images/CFOOCxYpZm6ExEUUz6GpVUw.webp]
[framerusercontent.com/sites/6FeOyrQqMynUg0qvI3WILZ/VrC7ju7gxNQ4SBtDO9L3bgGoramfH1EUTrzj9IfmGI4.3WMHMZZV.mjs]
[framerusercontent.com/images/2MFsvqXnweWKf1OMcQ2Lmn8dRE.png]
[framerusercontent.com/images/LAZ6H5aXj6b5iZ6wsntOIgEsLvQ.jpg]
[framerusercontent.com/images/OKEhbX7j8qnTwpvz30KGPDocOSs.png]
[framerusercontent.com/images/UFmaPzw5WdjkmV4e6Y7M9YDy3s.jpg]
[framerusercontent.com/images/g8XqeVrtRc9F4cdLhRUvzxR6uSg.png]
[www.testcard.com/blog/urinary-tract-infection-101.html]
[framerusercontent.com/images/eSpeyiFwzbyiIpFVldj4bHr4ig4.png]
[framerusercontent.com/images/qh8gCQRf6V26VkcqJCm1eR5gc.png]
[framerusercontent.com/images/gJsHsQ8xBvfEVX46uVRBkoBzY.png]
[framerusercontent.com/images/q4XeyGAJ9thSR693YsIK3vl4r7Q.png]
[framerusercontent.com/images/3PYMFsgRWVm5bNrtRscNwmH1c.png]
[framerusercontent.com/images/E5gELwPRjWPlC1KPv9dF7ehoLpk.png]
[framerusercontent.com/images/Nwriz2skNEKkZu5vXqpGGCKfpY.png]
[www.testcard.com/blog/world-mental-health-day.html]
[framerusercontent.com/images/5mm1cJfvOsfRwqztye1swYLTX6s.jpg]
[framerusercontent.com/images/we9jpJtToLMxHwjeEC7tbmzHds.jpg]
[framerusercontent.com/images/Kl82UG0gxUnmmmgIfor8VSdsGAE.png]
[www.testcard.com/blog/cystitis-test-symptoms-and-treatment.html]
[framerusercontent.com/sites/6FeOyrQqMynUg0qvI3WILZ/FaCNMYSyhHg-M3chBi548H-pfOTbBWCllQguTJOKUH0.FRMQ3ESN.mjs]
[www.mind.org.uk/media-a/6283/calendar_a4.pdf]
[www.testcard.com/blog/uti-infections-during-menopause.html]
[framerusercontent.com/modules/Gia1wUP4pqR2Ow4lY9O1/VHuROl1N9HXETrED5CYk/W9unHulOG.js]
[www.testcard.com/blog/tips-for-carers-understanding-symptoms.html]
[framerusercontent.com/modules/u2Hu1y9ORYd6KxEiJZx0/LxTNkq1lARgRJOPFI1jC/qMNZjk7PJ.js]
[www.testcard.com/blog/cystitis-what-is-it-and-how-do-i-get-help.html]
[framerusercontent.com/modules/b6K1oC1uccZPpTstCvMu/A5k7bC630NoZDR1N49eD/D_oMfni3U.js]
[www.testcard.com/blog/utisandpregnancy.html]
[framerusercontent.com/modules/OlCmeN4XZZJTWTlPfjGm/24lsClR7gMHDU7lEPdc8/Or2sBBfI_.js]
[www.ruh.nhs.uk/patients/Urology/documents/patient_leaflets/UR0043_Overactive_Bladder_Syndrome.pdf]
[framerusercontent.com/modules/ucoZx7m40kQxkdbvPahI/xs4yI6w2UXC9jWgMRn0T/fyxHY82ZH.js]
[framerusercontent.com/modules/epgbwiBwl3tArWHIOZdM/p79gF90WLbWcEen2ZWd5/LjoRI99kP.js]
[framerusercontent.com/modules/jpxTYlg8J7j8zPMbZVpF/e9Fe6hD7WkGFSF8ulX5j/M81GEfmDX.js]
[www.testcard.com/blog/confusion-around-utis-sees-women-mistaking-symptoms.html]
[framerusercontent.com/modules/DEt5THHDu8mZsxXjQgB3/vmE7PK3is9uknFNkqna9/pENU14rIX.js]
[framerusercontent.com/modules/kjmjrlbXlFzY877fS1ck/yX63S0J9YzWjteNI0jcx/sSi9d5mj6.js]
[framerusercontent.com/modules/fHtX6Kqeh4qtGd3ScnV7/4GrfDcMljbkaZ16KmKRL/aGppwdNJt.js]
[framerusercontent.com/modules/Knk5JIIexJavyUQUuC7v/F9Phfob1Y5DlATjfA4Rd/Ho_WoE6nO.js]
[framerusercontent.com/modules/V2DRFsQiVxRwCjLNx8uN/Md5ruDNRHzk9sH2GRGBX/fMGAOSjoO.js]
[framerusercontent.com/modules/CVZsmcR8arLwjzdGNLpK/nHFcpyNxOcXoggM8gF8M/YwXLCv8q4.js]
[www.testcard.com/blog/top-new-health-trends-for-2021.html]
[framerusercontent.com/modules/OVPIKg9SqTKLYD2fRPAF/5sldwpkloGXl3ftz55VY/rAR4SD3aA.js]
[framerusercontent.com/modules/AGt0jAlxnlx75tDtw4Na/XnhIwtiNz8irSx2LaucO/owro08sGw.js]
[framerusercontent.com/modules/E4LNkxrytRtwp0F50RVq/sTg7dG9qTTXMmQWkGNy2/aImOJki8P.js]
[framerusercontent.com/modules/b8aeeOK8tZBMHJHGUdFX/pqiPZZn74wzWxDQMkLlG/cs6w6lDlb.js]
[framerusercontent.com/modules/POaFmgybOjAbEIIlrVDm/eRmGoxXdxJT5kRNehCst/TdU3sThp3.js]
[framerusercontent.com/modules/XUi3Sok9Z1wuYPxuQFG3/2QC5eDw9ZrMmK948zB2V/AomqHaOxD.js]
[framerusercontent.com/modules/m1ZD9HQdXdpO2wlCWpnm/cXLHbhMQraGbmPelOQtU/KBlFSas6i.js]
[framerusercontent.com/modules/9zRwI9mwTWu6RWDulFVr/Rd8Q7c8QKO7fmko3vfcp/asxNLoHzW.js]
[www.testcard.com/blog/common-myths-about-utis-that-may-be-damaging-your-health.html]
[framerusercontent.com/modules/TasCLN67Tz5cgDoHLZyH/G2e10Jv6JvLyxqojlQve/wPmQ_yRaQ.js]
[framerusercontent.com/modules/lWBoG4MHb8YIB0GThFGe/SPekZ4IgzX59Yw95yf13/vndjQ0vUm.js]
[ga.jspm.io/npm_es-module-shims@1.6.3/dist/es-module-shims.js]
[www.testcard.com/blog/nutrition-and-hydration-week.html]
[www.testcard.com/blog/world-continence-week.html]
[www.testcard.com/blog/does-drinking-cranberry-juice-help-prevent-uti.html]
[www.testcard.com/blog/are-antibiotics-safe-for-uti-pregnancy.html]
[www.testcard.com/blog/how-to-prevent-uti-after-menopause.html]
[www.testcard.com/blog/how-do-doctors-test-for-uti.html]
[www.testcard.com/blog/learn-how-to-test-detect-a-uti-the-at-home-test-kit.html]
[www.testcard.com/blog/learn-how-to-test-detect-a-uti-gps-vs-at-home-testing.html]
[static.googleusercontent.com/media/try.crashlytics.com/en/terms/privacy-policy.html]
[www.testcard.com/blog-filters/symptoms-and-risks.html]
[elmor.com.mx/ARTICULOS/IRCILUS/EAU-Guidelines-on-Urological-infections-2020.html]
[framerusercontent.com/images/Lm7MCFJqpsYsEyBRyIvsykkDtM.png]
[www.testcard.com/blog-filters/health-tech.html]
[www.total-wellness.co.uk/wp-content/uploads/Alkalising-Food-Chart.html]
[www.theurologyfoundation.org/images/World_Continence_Week/WCW19_Incontinence_the_causes_download.html]
